югююг╨яэфгЁннфг╗мнфг╚втлфг╙тввзшфг╠яж╙тввзфг╕взж╔змифююг╠вжшэмзшфгг╠вжшэмзфг╡иумф╚зммжю╥тяумг╨яэфгЁннф	г╗мнфг╚втлфгг╠вжшэмзфг╡иумф╤млю╥тяумг╨яэфгЁннфг╗мнфг╚втлфгг╠вжшэмзф	г╡иумф╥смтмэвжю╖г╨яэфгЁннфг╗мнфг╚втлфгг╠вжшэмзф
г╡иумф╕иэг╨яэфгЁннф	г╗мнфг╚втлфгг╠вжшэмзфг╡иумф╢зямшэг╨яэфгЁннфг╗мнф	г╚втлфгг╠вжшэмзфг╡иумф╥смтмэвжю╕г╨яэфгЁннфг╗мнфг╚втлф	гг╠вжшэмзфг╡иумф╚иэмхсммьмзю╖г╨яэфгЁннф	г╗мнфг╚втлфгг╠вжшэмз	фг╡иумф╚иэмхсммьмзю╕г╨яэфгЁннф	г╗мнфг╚втлфгг╠вжшэмз
фг╡иумф╥смтмэвжю╔г╨яэфгЁннфг╗мнфг╚втлфгг╠вжшэмзфг╡иумф╬вуйямг╨яэфгЁннф	г╗мнфг╚втлф	гг╠вжшэмзфг╡иумф╕яою╕иэг╨яэфгЁннфг╗мнф	г╚втлфгг╠вжшэмзфг╡иумф╕яою╥тяумг╨яэфгЁннфг╗мнфг╚втлф	гг╠вжшэмзф	г╡иумф╥щьмзявжг╨яэфгЁннф
г╗мнфг╚втлфгг╠вжшэмзф
г╡иумф╬вуйямю╞жяопэг╨яэфгЁннфг╗мнфг╚втлфгг╠вжшэмзфг╡иумф╤вксг╨яэфгЁннфг╗мнф	г╚втлф	гг╠вжшэмзфг╡иумф╥тяумю╠ижг╨яэфгЁннфг╗мнфг╚втлфгг╠вжшэмзфг╡иумф╚яижэг╨яэфгЁннф	г╗мнфг╚втлфгг╠вжшэмз	фг╡иумф╚яижэг╨яэфгЁннф	г╗мнфг╚втлфгг╠вжшэмз
фг╡иумф╚яижэг╨яэфгЁннф	г╗мнфг╚втлфгг╠вжшэмзфг╡иумф╚яижэг╨яэфгЁннф	г╗мнфг╚втлфгг╠вжшэмзфг╡иумф╚яижэг╨яэфгЁннф	г╗мнфг╚втлфгг╠вжшэмзфг╡иумф╚яижэг╨яэфгЁннф	г╗мнфг╚втлфгг╠вжшэмзф	г╡иумф╚яижэг╨яэфгЁннф	г╗мнфг╚втлфгг╠вжшэмзф
г╡иумф╚яижэюЁкэвьщшг╨яэфгЁннф	г╗мнфг╚втлфгг╠вжшэмзфг╡иумф╚яижэг╨яэфгЁннф	г╗мнфг╚втлфгг╠вжшэмзфг╡иумф╨иуьязмг╨яэфгЁннф

г╗мнфг╚втлфгг╠вжшэмзфг╡иумф╚змиэю╠иоякю╠ижг╨яэфгЁннфг╗мнфг╚втлфгг╠вжшэмз	фг╡иумф╥ъвзлшуижг╨яэфгЁннф	г╗мнфг╚втлфгг╠вжшэмз
фг╡иумф╥втлямзг╨яэфгЁннфг╗мнфг╚втлфгг╠вжшэмзфг╡иумф╚пвшэю╥втлямзг╨яэфгЁннф	г╗мнфг╚втлфгг╠вжшэмзфг╡иумф╞жяопэг╨яэфгЁннфг╗мнфг╚втлфгг╠вжшэмзф	г╡иумф╗зиовжг╨яэфгЁннфг╗мнфг╚втлф	гг╠вжшэмзф	г╡иумф╚втлмжю╞жяопэг╨яэфгЁннфг╗мнфг╚втлфгг╠вжшэмзф		г╡иумф╠иоякяижю╔г╨яэфгЁннф	г╗мнфг╚втлф
гг╠вжшэмзф	
г╡иумф╠иоякю╥мзомижэг╨яэфгЁннфг╗мнфг╚втлфгг╠вжшэмзф
г╡иумф╠иоякяижю╕г╨яэфгЁннфг╗мнфг╚втлф	гг╠вжшэмзф
г╡иумф╨иуьязмю╕иэг╨яэфгЁннф
г╗мнф
г╚втлфгг╠вжшэмз	ф
г╡иумф╥тяум╟взлг╨яэфгЁннфг╗мнфг╚втлфгг╠вжшэмз
ф
г╡иумф╗изсю╞жяопэг╨яэф	гЁннфг╗мнфг╚втлфгг╠вжшэмзф
г╡иумф╚иэмхсммьмзю╔г╨яэф	гЁннфг╗мнфг╚втлфгг╠вжшэмзф
г╡иумф╬мжвг╨яэф	гЁннфг╗мнфг╚втлфгг╠вжшэмзф
г╡иумф╬мжвг╨яэф	гЁннфг╗мнфг╚втлфгг╠вжшэмзф
г╡иумф╬мжвг╨яэфгЁннф	г╗мнф
г╚втлфгг╥пвь╠влмфгсфюхюгг╛ялмфгююгг╙тввзф//║╙║╙║╙║╙║╙║╙║╙║╙╗вжм║╙║╙║╙║╙║╙║╙║╙║╙г
ююююююююююгююююююююююгююююююююююгююююююююююгююююююююююгююююююююююгююююююююююгююююююююююгююююююююююгююююююююююгююююююююююгюююююг╜эмушфг╥пвьфг╥ьмкяитшфгг╙тввзф//║╙║╙║╙║╙║╙║╙║╙║╙╗вжм║╙║╙║╙║╙║╙║╙║╙║╙г
ююююююююююгююююююююююг
ююююююююююгю	ююююю	ю
юююгююююююююююгюююююю
юю
ююгююююююююююгююююююююююгююююююююююг
ююююююююю
юг
юююююхюююююгюююююг╜эмушфг╤мл╨яэфг╕тщм╨яэфг╤мл╖зАшэитфг╕тщм╖зАшэитфг╥пвьфг╥ьмкяитшфгг╙тввзф//║╙║╙║╙║╙║╙║╙║╙║╙╗вжм║╙║╙║╙║╙║╙║╙║╙║╙гююююююююююгююююююююююгююююююююююгююююююююююгююююююююююгююююююююююгююююююююююгююююююююююгююююююююююгююююююююююг
ююююююююююгюююююг╜эмушфг╤мл╨яэфг╕тщм╨яэфг╤мл╖зАшэитфг╕тщм╖зАшэитфг╥пвьфг╥ьмкяитшфгг╥ьмкяитфг╢тикмфюг╔кэявжшфг╔кэявжфюююг╔кэявжфюююг╔кэявжфю	ююг╠_жфг╠мшшиомф╩пиэюиюзмтямнюАвщюизмюЁ╞!╫вщюъмзмюкищопэюижлюэпзвъжюяжэвг╠мшшиомфэпяшюьзяшвжюйАюэпмю╠иоякю╥мзомижэ.╫вщюъмзмющжквжшкявщшг╠мшшиомфъпмжюАвщюовэюпмзм.╡мчмзэпмтмшш,АвщюизмюшвютщксАюэпиэюАвщг╠мшшиомфрщшэюъвсмющь.╜юпичмюняжяшпмлюэпмюмшкиьмюэщжжмт.╟мэ'шюйзмисювщэ.г╠мшшиомф(╫╘╥)гг╥ьмкяитфг╢тикмф	юг╔кэявжшфг╔кэявжфю	ююг╠_жфг╠мшшиомфЁ╞.╩мтт,мЮкщшмюуАюовяжоюнязшэ.╫вщзюъмиьвжюижлюшпямтлюъмзмюшэвтмжюйАюэпмюощизлш.г╠мшшиомф╜э'шюжвэюъяшмюэвюъижлмзюийвщэюъяэпвщэюэпму.╜юймтямчмюэпмзмюяшюиюшъвзлювжюэпмг╠мшшиомфэпюнтввзюижлюиюшпямтлювжюэпмю
эп,Авщюпилюймээмзюомэюэпмуюнязшэювнюитт.г╠мшшиомф╥ммюАвщютиэмз!г╠мшшиомф(╫╘╥)гг╥ьмкяитфг╢тикмфюг╖вшэфхг╚мэшфг╠_жфг╠мшшиомф╦пижсюАвщюнвзюАвщзюпмть.╢тмишмюиккмьэюувжмАг╠мшшиомфишюиюшуиттюэвсмжювнюуАюозиэяэщлм.(╚вэюг╠мшшиомф╚втл.)г╠мшшиомф(╫╘╥)г╠_жфгг╥ьмкяитфг╢тикмфюг╖вшэфг╚мэшфг╚мэф
юг╠_жфг╠мшшиомфЁп,эпижсюАвщюнвзюАвщзюпмть.╜юъяттюзияшмюАвщзг╠мшшиомфвннмжшячмюижлюлмнмжшячмюьвъмзююьмзкмжэюишюиг╠мшшиомфэвсмжювнюуАюозиэяэщлм.[╫вщюймояжюнммтяжоююююг╠мшшиомфшэзвжомз]г╠мшшиомф(╫╘╥/╡Ё)г╠_жфгг╥ьмкяитфг╢тикмфюг╔кэявжшфг╔кэявжфюююг╔кэявжфю
ююг╔кэявжфюююг╠_жфг╠мшшиомф╔п,ъмюуммэюиоияж!╦пижсюАвщ.╫вщюймиэюэпмюююююг╠мшшиомф╚иэмх╞ммьмзювнюэпяшюизми.╜юъишюлмнмиэмлюююююг╠мшшиомфижлюяуьзяшвжмлюиоияж.╥щкпюиюшуиттюьзяшвжююююг╠мшшиомфэпяшюэяум.╜'уюуисяжоюиюшмкзмэюэщжжмтюяжюююююг╠мшшиомфнзвжэювнюэпмю╗зиовж.╚вющьюэвюэпюнтввзюююююг╠мшшиомфижлюъияэюнвзюум,ъпятмю╜юквуьтмэмюэпмюэщжжмт.г╠мшшиомф(╫╘╥)гг╥ьмкяитфг╤мыщмшэшфг╤мыщмшэфююг╤мыщмшэфю	юг╔кэявжшфг╔кэявжфююг╔кэявжфю
юг╔кэявжф	ююг╔кэявжф	ю
юг╔кэявжфююг╔кэявжфю
юг╠_жфгг╙тввзф//║╙║╙║╙║╙║╙║╙║╙║╙╗вжм║╙║╙║╙║╙║╙║╙║╙║╙гю	ююююююююю
гю
юююююююю
югююююююююююгююююююююююгюю
ююююююююгююююююююююг	юююююююююю
гююююююююююг
ююююююююююгююююююююююгюююююююююю
гюююююг╜эмушфг╤мл╨яэфг╕тщм╨яэфг╤мл╖зАшэитфг╕тщм╖зАшэитфг╥пвьфг╥ьмкяитшфгг╥ьмкяитфг╢тикмф
юг╠_жфг╠мшшиомф╦пмю╠иоякю╥мзомижэ,╬мжв,шиАшю"╩мтквумюэвю╦пмю╠иоякю╦въмз.г╠мшшиомф╫вщюизмюэпмюпщжлзмлэпюуижюъпвюлизмлюэвюмжэмзюуАюэвъмз.г╠мшшиомф╫вщюъяттюжвъюникмюуАюощизлш.╥пвщтлюАвщюпиььмжюэвюшщзчячм,г╠мшшиомф╜юъяттюняопэюъяэпюАвщюяжюьмзшвжюшьмкяиттА.г╠мшшиомф╫вщюшпвщтлюиккмьэюАвщзюниэм."г╠мшшиомф(╫╘╥)гг╥ьмкяитфг╢тикмфюг╖вшэфг╚мэшфг╚мэфюг╠_жфг╠мшшиомф╜юъяттюозижэюАвщюэпмювзйювнюэпмюпмзв.Авщюъяттюжвъюймюийтмг╠мшшиомфэвюнвзмкишэюэпмюзмшщтэшювнюняопэяжоюувжшэмзшювжюэпмг╠мшшиомфкщззмжэюнтввз.╧шмюяэюЁнмж.г╠мшшиомф(╫╘╥)гг╠_жфгг╙тввзф//║╙║╙║╙║╙║╙║╙║╙║╙╗вжм║╙║╙║╙║╙║╙║╙║╙║╙гююююююююююг
ююююююююююгююююююююююгююююююююююгюююююююю	ююгююююююююююгююююююююююгююююююююююгююю
юююююююгюююююююю
ююг
ююююююююююгюююююг╜эмушфг╤мл╨яэфг╕тщм╨яэфг╤мл╖зАшэитфг╕тщм╖зАшэитфг╥пвьфг╨яэфгЁннфг╗мнфг╥ьмкяитшфгг╥ьмкяитфг╢тикмфюг╖вшэфг╚мэшфг╠_жфг╠мшшиомф╛я!╜юпичмюшвумюумшшиомшюнвзюАвщ!г╠мшшиомф(╫╘╥)г╠_жфг╠мшшиомфюг╠мшшиомф╦пмзмюизмюлввзшюъпякпюкижжвэюймювьмжжмлюъяэпюиюсмА,г╠мшшиомфэпмшмюлввзшюкижювжтАювьмжюйАюймиэяжоюэпмюувжшэмзшююююююг╠мшшиомфъпякпюощизлюэпму.ююююююююююююююююююююююююююююююююююююююг╠мшшиомф(╫╘╥)гг╙тввзф//║╙║╙║╙║╙║╙║╙║╙║╙╗вжм║╙║╙║╙║╙║╙║╙║╙║╙г
ююююююююююгююююююююююгюю
ююююююююгююююю
юююююгююююююююююгююю
юююююююгююююююююююгююююююююююг	юю
юхюююююююгююююююююююгюююююююююю
гюююююг╜эмушфг╤мл╨яэфг╕тщм╨яэфг╤мл╖зАшэитфг╕тщм╖зАшэитфг╥пвьфг╥ьмкяитшфгг╙тввзф//║╙║╙║╙║╙║╙║╙║╙║╙╗вжм║╙║╙║╙║╙║╙║╙║╙║╙гююююююююююгююююююююююгююююююю
юю	югюююююююююю
гююююююююююгююююююю	юююгююююююююююгююююююююююгю
юю	юююююююгююююююююююгюююю	ююю
ю
юю
гюююююг╜эмушфг╤мл╨яэфг╕тщм╨яэфг╤мл╖зАшэитфг╕тщм╖зАшэитфг╥пвьфг╥ьмкяитшфгг╥ьмкяитфг╢тикмфю	г╖вшэфг╚мэшфг╚мэфюг╠_жфг╠мшшиомф╜юъяттюшмттюиюйтщмюсмАюиэючмзАюшьмкяитюьзякм(юовтл).г╠мшшиомф╩яттюАвщюйщАюяэ?г╠мшшиомф(╫╘╥/╡Ё)г╠_жфг╠мшшиомф╦пижсюАвщючмзАюущкп!г╠мшшиомф╛мзмюяшюиюуиоякюэвъмзювнююшэвзямш.╘чмзАюэмжюшэвзямшюнвзуююююг╠мшшиомфвжмюизми.╦пмюйвшшюъпвюквжэзвтшюмикпюизми,измюьвшэмлюяжюэпяшюююг╠мшшиомфэвъмз.╔жлюянюАвщюлвж'эюймиэюэпму,Авщюкижжвэюишкмжлюнзвуюэпмзм.г╠мшшиомф(╫╘╥)гг╥ьмкяитфг╢тикмф	юг╖вшэфг╚мэшфг╠_жфг╠мшшиомф╜нюАвщюйщАюоввлшюнзвуюумзкпижэш,Авщюъяттюймюийтмюэвюпмизг╠мшшиомфяуьвзэижэюяжнвзуиэявжютиэмз.ююююююююююююююююююююююююююююг╠мшшиомф(╫╘╥)г╠_жфгг╙тввз	ф//║╙║╙║╙║╙║╙║╙║╙║╙╗вжм║╙║╙║╙║╙║╙║╙║╙║╙г
ююююююююююгюю
ююююююююгюю
юююююю
ююгююююююююююгюююююююю	ююгююююююююююгююююююююююгююююююююююгюююю
ююююююгююююююююююгююююююююююгюююююг╜эмушфг╤мл╨яэфг╕тщм╨яэфг╤мл╖зАшэитфг╕тщм╖зАшэитфг╥пвьфг╥ьмкяитшфгг╥ьмкяитфг╢тикмфюг╖вшэфг╚мэшфг╚мэфюг╠_жфг╠мшшиомф╜юъяттюшмттюнячмюАмттвъюсмАшюнвзююовтл!╩яттюАвщюйщАюэпму?г╠мшшиомф(╫╘╥/╡Ё)г╠_жфг╠мшшиомф╦пижсюАвщючмзАюущкп!г╠мшшиомф╩пмжюАвщювннмзюовтлюиэюижюитэмз(шпвь),АвщюуиАюишг╠мшшиомфъмттюпичмюАвщзюлмнмжшячмюьвъмзюзяшмжюзиэпмзюэпижг╠мшшиомфАвщзювннмжшячмюьвъмз.╦пмюмжмуАюъпвуюАвщюкижжвэююг╠мшшиомфймиэюуиАюиььмиз,ьзвчялмлюАвщюъвж'эюзияшмюАвщзюююг╠мшшиомфвннмжшячмюьвъмз.г╠мшшиомф(╫╘╥)гг╙тввз
ф	//║╙║╙║╙║╙║╙║╙║╙║╙╗вжм║╙║╙║╙║╙║╙║╙║╙║╙гююююю
юююююгююююююююююгюююююююююю
гююююююююю	юг
ююююююююююгююююююююююгюююююю
ююююгююю
юю	юююююгююююююююююгююююююю
ююю	гю
ююю	ююююююгюююююг╜эмушфг╤мл╨яэфг╕тщм╨яэфг╤мл╖зАшэитфг╕тщм╖зАшэитфг╥пвьфг╥ьмкяитшфгг╥ьмкяитфг╤мыщмшэшфг╤мыщмшэфю
юг╤мыщмшэфююг╔кэявжшфг╔кэявжфююг╠_жфгг╙тввзф
//║╙║╙║╙║╙║╙║╙║╙║╙╗вжм║╙║╙║╙║╙║╙║╙║╙║╙гюю	юююююююю
гююююююююююгююююююююююгююююююююююг	юю
ююююююююгююююююююююгююююююююююгююююююююююгююююююююююгю
ююю	юю
ююю	юг
юююююююююю
гюююююг╜эмушфг╤мл╨яэфг╕тщм╨яэфг╤мл╖зАшэитфг╕тщм╖зАшэитфг╥пвьфг╥ьмкяитшфгг╙тввзф//║╙║╙║╙║╙║╙║╙║╙║╙╗вжм║╙║╙║╙║╙║╙║╙║╙║╙гююююююююююгююююююююююг	ю	ю	юююююю	ю	ю	гююю	юююю	юююгююююююююююг	ю	ю	юююююю	юю	гююююююююююгююююююююююгююююююююююгююююююююююгююююююююююгюююююг╜эмушфг╤мл╨яэфг╕тщм╨яэфг╤мл╖зАшэитфг╕тщм╖зАшэитфг╥пвьфг╥ьмкяитшфгг╥ьмкяитфг╤мыщмшэшфг╤мыщмшэфююхг╔кэявжшф
г╔кэявжфююг╔кэявжфююг╔кэявжфююг╔кэявжфю
юг╔кэявжфююг╔кэявжфююг╔кэявжфююг╔кэявж	фююг╔кэявж
фююг╔кэявжфюю	г╔кэявжфююг╔кэявжфюю	г╔кэявжфюю	г╔кэявжфюю	г╔кэявжфюю	г╔кэявжфююг╔кэявжфюю	г╔кэявж	фюю	г╔кэявж
фюю	г╠_жфг╠мшшиомф╛ию╛ию╛и,╫вщюизмютщксАюэвюпичмюовээмжюшвюююг╠мшшиомфниз.╥яжкмюяэюпишюквумюэвюэпяш,╜юшпиттюняопэг╠мшшиомфъяэпюАвщюьмзшвжиттА,йщэюнязшэю╜юущшэюэмшэююг╠мшшиомфАвщзюшэзмжоэп.╚вюижлюняопэ!╥смтмэвжю╥втлямзш!г╠мшшиомф(╫╘╥)гг╥ьмкяитфг╤мыщмшэшф	г╤мыщшмэфююг╤мыщмшэфююг╤мыщмшэфююг╤мыщмшэфююг╤мыщмшэфююг╤мыщмшэфююг╤мыщмшэфююг╤мыщмшэ	фююг╔кэявжшфг╔кэявжфююг╠_жфг╠мшшиомф╛въюквжшялмзийтАюАвщюлв.╕щэю╜юъяттюжмчмзютмэг╠мшшиомфАвщюьишш.╛мзм,Авщюъяттюлям.╙яопэюум!ююююююююг╠мшшиомф(╫╘╥)гг╥ьмкяитфг╤мыщмшэшфг╤мыщмшэфююхг╔кэявжшфг╔кэявжфююг╔кэявжфююг╔кэявжфююг╔кэявжфю
ю	г╔кэявжфюю	г╔кэявжфюю	г╔кэявжфююг╔кэявж	фююг╔кэявж
фююг╔кэявжфю
юг╔кэявжфююг╔кэявжфююг╔кэявжфююг╔кэявжфю	юг╔кэявжфююг╔кэявжфюю
г╠_жфг╠мшшиомф╡в.╜э'шюжвэюьвшшяйтм!╫вщюуиАюпичмюлмнмиэмлг╠мшшиомфум,йщэюймАвжлюэпяшюьвяжэюАвщюущшэюуммэююююг╠мшшиомфшвумюмжмуямшюижлюшжизмшюэпиэюизмюьвъмзнщтг╠мшшиомфймАвжлюижАэпяжоюАвщ'чмюшммж.╜нюкизмтмшш,ююг╠мшшиомфАвщюъяттюлям!юююююююююююююююююююююююююююююг╠мшшиомф(╫╘╥)гг╥ьмкяитфг╤мыщмшэшфг╤мыщмшэфююг╤мыщмшэф
ююхг╔кэявжшфг╔кэявжфююг╠_жфгг╥ьмкяитфг╢тикмфюг╔кэявжшфг╔кэявжфюююг╠_жфг╠мшшиомф╛мА!╩мюуммэюиоияж!╛въюозмиэтАюАвщюймиэюююююг╠мшшиомфэпмюйвшшювнюэпяшюизми.╜эюэзвщйтмлюумюэпиэю╜г╠мшшиомфквщтлж'эюовющьшэиязшюижАюувзм.╜юпмизлюэпиэюг╠мшшиомфэпмзмюяшюиюшпямтлювжюэпмюэпюнтввзюижлюиююг╠мшшиомфшъвзлювжюэпмюэп.╜юъвщтлюомэюэпмуюяню╜ююююг╠мшшиомфъмзмюАвщ.╢тмишмюмЮкщшмюуАюовяжоюнязшэ!юююююг╠мшшиомф(╫╘╥)гг╙тввзф//║╙║╙║╙║╙║╙║╙║╙║╙╗вжм║╙║╙║╙║╙║╙║╙║╙║╙гююююююююю
югююююю
юююююгююююююююююгю	юююююююююг	юю	ююююю	юююгюююююююю
ююгююююююююююгююююююююююгююююююююю
югююююююююююгюююююююююю
гюююююг╜эмушфг╤мл╨яэфг╕тщм╨яэфг╤мл╖зАшэитфг╕тщм╖зАшэитфг╥пвьфг╥ьмкяитшфгг╥ьмкяитфг╤мыщмшэшфг╤мыщмшэфююг╤мыщмшэфююг╔кэявжшфг╔кэявжфююг╠_жфгг╙тввзф//║╙║╙║╙║╙║╙║╙║╙║╙╗вжм║╙║╙║╙║╙║╙║╙║╙║╙гююююююююююгююююююююююгюююю	юю	ююююгююююююююююгю	ююююююю
ююгюююююю	ююю	югююююююююююгююююююююююгююююююююююгюююю
юю
ююююг
ююю
юююю
юююгюююююг╜эмушфг╤мл╨яэфг╕тщм╨яэфг╤мл╖зАшэитфг╕тщм╖зАшэитфг╥пвьфг╨яэфгЁннфг╗мнф	г╥ьмкяитшфгг╥ьмкяитфг╤мыщмшэшфг╤мыщмшэфююг╔кэявжшфг╔кэявжфююг╠_жфгг╥ьмкяитфг╢тикмфюг╖вшэф	г╚мэшфг╚мэф	юг╠_жфг╠мшшиомф╜юъяттюшмттюэпмюзизмюзмлюсмАюнвзю	ю╚втл!г╠мшшиомф╩яттюАвщюйщАюяэ?г╠мшшиомф(╫╘╥/╡Ё)г╠_жфг╠мшшиомф╦пижсюАвщючмзАюущкп!г╠мшшиомф╗ялюАвщюжвэякмюэпмюшмкзмэюьишшиомшювжюэпмг╠мшшиомф
эп,эп,юижлю	эпюнтввзш?г╠мшшиомф(╫╘╥)гг╥ьмкяитфг╢тикмфюг╖вшэфг╚мэшфг╚мэфюг╠_жфг╠мшшиомф╠АюшэвзмюъяттюшмттюишюуижАюсмАшюишюАвщюжммл.г╠мшшиомф╦пмАюизмюю╚втлюмикп.╩яттюАвщюйщАюэпму?г╠мшшиомф(╫╘╥/╡Ё)г╠_жфг╠мшшиомф╦пижсюАвщючмзАюущкп!г╠мшшиомф(╫╘╥)гг╙тввзф//║╙║╙║╙║╙║╙║╙║╙║╙╗вжм║╙║╙║╙║╙║╙║╙║╙║╙гююююююююююгююююююююююгююююююююююгююююююююююгююююююююююгююююююююююгююююююююююгююююююююююгююююююююююгююююююююююгюююююююююю
гюююююг╜эмушфг╥пвьфг╥ьмкяитшфгг╙тввзф//║╙║╙║╙║╙║╙║╙║╙║╙╗вжм║╙║╙║╙║╙║╙║╙║╙║╙г
юю
юю	юю
ююююгю
ююююю
ююююгююююююююююгююююююююю
юг
ююююююююююгюююююююю
ююгююююююююююгююююююююююг	юю	ююююююююгюююю
ююююююгююююю
юююююгюююююг╜эмушфг╤мл╨яэфг╕тщм╨яэфг╤мл╖зАшэитфг╕тщм╖зАшэитфг╥пвьфг╥ьмкяитшфгг╥ьмкяитфг╤мыщмшэшфг╤мыщмшэфююг╤мыщмшэфююг╤мыщмшэфююг╤мыщмшэфююг╔кэявжшфг╔кэявжфююг╠_жфгг╙тввзф//║╙║╙║╙║╙║╙║╙║╙║╙╗вжм║╙║╙║╙║╙║╙║╙║╙║╙г	ю
юююю
юююююгююююююююююгююююю	юююююгююююююююююгююююююююююгюююю	ю
ююююю	гююююююююююгююююююююююгююююююююююгююююююююю
югю	ююююююю
ююгюююююг╜эмушфг╤мл╨яэфг╕тщм╨яэфг╤мл╖зАшэитфг╕тщм╖зАшэитфг╥пвьфг╥ьмкяитшфгг╥ьмкяитфг╤мыщмшэшфг╤мыщмшэф	ююхг╔кэявжшфг╔кэявжф
юю	г╠_жфгг╥ьмкяитфг╤мыщмшэшфг╤мыщмшэфююхг╔кэявжшфг╔кэявжфююг╔кэявжф
ююг╔кэявжфююг╔кэявжфююг╔кэявжфююг╔кэявжфююг╔кэявжфюю
г╔кэявж	фююг╔кэявж
фююг╔кэявжфююг╠_жфгг╥ьмкяитфг╢тикмфю
г╔кэявжшфг╔кэявжфюю
юг╔кэявжфюю	юг╠_жфг╠мшшиомф╔п!╔змюАвщюиттюзяопэ?╦пмю╕яоюЁкэвьщшюъпякпг╠мшшиомфтячмшюяжюпмзмюъишюйтвксяжоюуАюьзвозмшш.╡въг╠мшшиомфиютввьпвтмюпишюквуьтмэмлюиэютишэ.╫вщюпилююг╠мшшиомфймээмзюьщэювннюймиэяжоюпяу.╥ммюАвщютиэмз!г╠мшшиомф(╫╘╥)гг╥ьмкяитфг╢тикмфюг╖вшэфг╚мэшфг╚мэфюг╠_жфг╠мшшиомф╜юъяттюшмттюиюйтщмюсмАюнвзюю╚втл!╩яттюАвщюйщАюяэ?г╠мшшиомф(╫╘╥/╡Ё)г╠_жфг╠мшшиомф╦пижсюАвщючмзАюущкп!г╠мшшиомф╜нюАвщюкиззАюиюкзвшш,эпмюшэзмжоэпювню╬вуйямшюижлюююг╠мшшиомф╨иуьязмшюъяттюймюкщэюяжюпитн.╜эюяшюжмизюяуьвшшяйтмюг╠мшшиомфэвюлмнмиэюэпмуюъяэпвщэюиюкзвшш,мшьмкяиттАю╨иуьязмш.г╠мшшиомф╔юкзвшшюяшювжюиюнтввзюпяопмзюэпижюэпяшювжм.г╠мшшиомф(╫╘╥)гг╙тввзф//║╙║╙║╙║╙║╙║╙║╙║╙╗вжм║╙║╙║╙║╙║╙║╙║╙║╙гююююююююююгю	юююююююююгюююююююююю
гююююююююююгюююю
ююююююг
ююююю
юююююг	ююююююююююгююююююююююгююююююююю	югююююююююююгююююю
юююююгюююююг╜эмушфг╤мл╨яэфг╕тщм╨яэфг╤мл╖зАшэитфг╕тщм╖зАшэитфг╥пвьфг╥ьмкяитшфгг╥ьмкяитфг╤мыщмшэшфг╤мыщмшэфююг╔кэявжшфг╔кэявжфююг╠_жфгг╥ьмкяитфг╢тикмфюг╖вшэфг╚мэшфг╠_жфг╠мшшиомф╛я!╜юпичмюшвумюяжнвзуиэявжюнвзюАвщ!г╠мшшиомф(╫╘╥)г╠_жфг╠мшшиомфюг╠мшшиомф╜юпмизлюэпиэюАвщюкижюняжлюиюзмлюсмАюиэюэъвг╠мшшиомфьтикмшюяжюэпяшюизмиг╠мшшиомф(╫╘╥)гг╥ьмкяитфг╢тикмфюг╖вшэфг╚мэшфг╚мэфюг╠_жфг╠мшшиомф╦пижсюоввлжмшш,Авщюнвщжлюум.╜юъяттюоячмюююююююг╠мшшиомфАвщюижюмтяЮязюишюиюшАуйвтювнюуАюозиэяэщлм.ююююг╠мшшиомф╧шяжоюэпяшюумлякяжмюъяттюкищшмюАвщюэвюоияжююююг╠мшшиомфтянмюикквзляжоюэвюАвщзювннмжшячмюижлюлмнмжшячмг╠мшшиомфьвъмз.╥вюжиэщзиттА,эпмютиэмзюАвщющшм,эпмююююююг╠мшшиомфувзмюяэюъяттюпичмюижюмннмкэювжюАвщ.г╠мшшиомф(╫╘╥)г╠_жфгг╙тввз	ф//║╙║╙║╙║╙║╙║╙║╙║╙╗вжм║╙║╙║╙║╙║╙║╙║╙║╙гююююю
ююююю	гююююююююююгюююю
ююююююгю	юююююююю	югюююююююю
юю
гююююююююююгю	юююююююю	югююююююююююгююююю	юююююгююююююююююг
юююююююююю
гюююююг╜эмушфг╤мл╨яэфг╕тщм╨яэфг╤мл╖зАшэитфг╕тщм╖зАшэитфг╥пвьфг╥ьмкяитшфгг╥ьмкяитфг╤мыщмшэшфг╤мыщмшэфююг╤мыщмшэфююг╔кэявжшфг╔кэявжфююг╠_жфгг╥ьмкяитфг╤мыщмшэшфг╤мыщмшэф	ююг╤мыщмшэф	ююг╔кэявжшфг╔кэявжфююг╠_жфгг╥ьмкяитфг╤мыщмшэшфг╤мыщмшэфю
юг╤мыщмшэфююг╔кэявжшфг╔кэявжфююг╠_жфгг╥ьмкяитфг╤мыщмшэшфг╤мыщмшэф	ю
юг╤мыщмшэф	ююг╔кэявжшфг╔кэявжфююг╠_жфгг╙тввз
ф	//║╙║╙║╙║╙║╙║╙║╙║╙╗вжм║╙║╙║╙║╙║╙║╙║╙║╙г
юююююююю	ююгююююююююююгююююююююююгю
ююю
юю
ююююгююююююююююгююююююююююгююююююююююгююююююююююг	юююююююююю	гююююююююююг
ююююююююю	ю
гюююююг╜эмушфг╤мл╨яэфг╕тщм╨яэфг╤мл╖зАшэитфг╕тщм╖зАшэитфг╥пвьфг╥ьмкяитшфгг╥ьмкяитфг╢тикмфюг╖вшэфг╚мэшфг╠_жфг╠мшшиомф╛я!╜юпичмюиюшщоомшэявжюнвзюАвщ!г╠мшшиомф(╫╘╥)г╠_жфг╠мшшиомфюг╠мшшиомф╜жюэпяшюизми,янюАвщюлвж'эюзияшмюАвщзювннмжшячмг╠мшшиомфьвъмзюиэюижюитэизюиюнмъюэяумш,АвщюуиАюжвэюймююг╠мшшиомфийтмюэвюлмшэзвАю'╤вкс'юувжшэмзш.╕мюкизмнщт!г╠мшшиомф(╫╘╥)гг╙тввзф
//║╙║╙║╙║╙║╙║╙║╙║╙╗вжм║╙║╙║╙║╙║╙║╙║╙║╙гююю
юю	юююююгююююююююююгююю
юююю
юююг
ююююююююююгююююююююююгююююююююююгююююююююююгююююююю
юююгююююю
ююю
ююгююююююююююгююююю
юююю
югюююююг╜эмушфг╤мл╨яэфг╕тщм╨яэфг╤мл╖зАшэитфг╕тщм╖зАшэитфг╥пвьфг╥ьмкяитшфгг╥ьмкяитфг╤мыщмшэшфг╤мыщмшэфююг╔кэявжшфг╔кэявжфюю	г╠_жфгг╙тввзф//║╙║╙║╙║╙║╙║╙║╙║╙╗вжм║╙║╙║╙║╙║╙║╙║╙║╙гююююююююююгююююююююююгююююю	юююююг	ююююююююю
югююююююююююгююююююююююг
юююююююююю
гю
юююююююю
югююююююююююгююююююююююг
ююю	юююю	ююю
гюююююг╜эмушфг╤мл╨яэфг╕тщм╨яэфг╤мл╖зАшэитфг╕тщм╖зАшэитфг╥пвьфг╥ьмкяитшфгг╥ьмкяитфг╤мыщмшэшфг╤мыщмшэф	ююхг╔кэявжшфг╔кэявжфююг╔кэявжфююг╔кэявжфююг╔кэявжфююг╔кэявжфююг╔кэявжфююг╔кэявжфююг╔кэявж	фююг╔кэявж
фююг╔кэявжф
юю	г╠_жфг╠мшшиомф╩мтт,Авщюймиэюэпмюшсмтмэвжшюижлюяжчилмл.╡мчмзюг╠мшшиомфзмоизлюумюишюшуиттютясмюиюшсмтмэвж.╜юъяттюшпвъг╠мшшиомфАвщюэпиэю╜юиуюишюяуувзэитюишюовл.╛мА,квумювж!юг╠мшшиомф(╫╘╥)гг╥ьмкяитфг╤мыщмшэшфг╤мыщмшэфююхг╔кэявжшфг╔кэявжфюю
г╔кэявжфююг╔кэявжфююг╔кэявжфююг╔кэявжфююг╔кэявжфю	ю	г╔кэявжфююг╔кэявж	фю	ю	г╔кэявж
фююг╔кэявжфю	ю	г╔кэявжф	ююг╔кэявжф	ююг╔кэявжф	ююг╔кэявжфююг╔кэявжф
ююг╠_жфг╠мшшиомф╚ввлюовл!╜'чмюжмчмзюлзмиумлю╜'люймюлмнмиэмл.юг╠мшшиомф╦пмзмюяшюжвюлвщйэювнюАвщзюшэзмжоэп.╕щэюАвщюююг╠мшшиомфъяттюжмчмзюъяжюиоияжшэюэпмю╚змиэю╠иоякю╠ишэмзг╠мшшиомфишюъмисюишюАвщюизм.╫вщюшпиттювжтАюкмтмйзиэмююг╠мшшиомфнтммэяжоючякэвзАюиэюувшэ.г╠мшшиомф(╫╘╥)гг╙тввзф//║╙║╙║╙║╙║╙║╙║╙║╙╗вжм║╙║╙║╙║╙║╙║╙║╙║╙гююююююююююгююююююююююгююююююююююгююююююююююгююююююююююгююююююююююгююююююююююгююююююююююгююююююююююгююююююююююгююююю
юююююгюююююг╜эмушфг╥пвьфг╥ьмкяитшфгг╥ьмкяитфг╢тикмфюг╖вшэфг╚мэшфг╠_жфг╠мшшиомф╛я!╜юпичмюшвумюяжнвзуиэявжюнвзюАвщ!г╠мшшиомф(╫╘╥)г╠_жфг╠мшшиомфюг╠мшшиомф╦пмю╚змиэю╠иоякю╠ишэмзюяшюяжюэпяшюизми.╛мюяшг╠мшшиомфиюьзвьзямэвзювнюэпяшюуиоякюэвъмз.╔эюАвщзююююг╠мшшиомфшэзмжопэ,эвюиээиксюпяуюумижшюлмиэп.╜эюшэижлшг╠мшшиомфэвюзмишвжюэпиэюАвщюшпвщтлюжвэюникмюпяу,йщэююг╠мшшиомфзиэпмз,омэюяэмушювжюпяопмзютмчмтшюнязшэ.ююююг╠мшшиомф(╫╘╥)гг╙тввзф//║╙║╙║╙║╙║╙║╙║╙║╙╗вжм║╙║╙║╙║╙║╙║╙║╙║╙гююююююююююгююююююююююгююююююююююгююююююююююгююююююююююгююююю
юююююгююююююююююгююююююююююгююююююююююгююююююююююгююююююююююгюююююг╜эмушфг╥пвьфг╥ьмкяитшфгг╙тввзф//║╙║╙║╙║╙║╙║╙║╙║╙╗вжм║╙║╙║╙║╙║╙║╙║╙║╙гюююююююююю
гююююююююююгююююююююююгююююююююююгююююююююююгююююююююююгююююююююююгююююююююююгююююююююююгююююююююююгююююююююююгюююююг╜эмушфг╥пвьфг╥ьмкяитшфгг╥ьмкяитфг╢тикмфюг╖вшэфг╚мэшфг╠_жфг╠мшшиомф╜юпичмюжвэпяжоюэвюшиА.╔юкмзэияжюумшшиомг╠мшшиомфуиАюймюпяллмжюяжюэпяшюзвву.г╠мшшиомф(╫╘╥)г╠_жфгг╙тввзф//║╙║╙║╙║╙║╙║╙║╙║╙╗вжм║╙║╙║╙║╙║╙║╙║╙║╙гююююююююююгююююююююююгююююююююююгююююююююююгююююююююююгююююююююююгююююююююююгююююююююююгююююююююююгю
юююююююююгююююююююююгюююююг╜эмушфг╥пвьфг╥ьмкяитшфгг╥ьмкяитфг╢тикмфюг╔кэявжшфг╔кэявжфюююг╔кэявжфюююхг╠_жфг╠мшшиомф╫вщюшэмььмлюяжэвюэпмюоиэмювню╦яумюижлю╥ьикмг╠мшшиомф(╫╘╥)гг╙тввзф//║╙║╙║╙║╙║╙║╙║╙║╙╗вжм║╙║╙║╙║╙║╙║╙║╙║╙гююююююююююгююююююююююгююююююююююгююююююююююгююююююююююгююююююююююгююююююююююгююююююююююгююююююююююгююююююююююг
ююююююююююгюююююг╜эмушфг╥пвьфг╥ьмкяитшфгг╥ьмкяитфг╤мыщмшэшфг╤мыщмшэф
ююхг╔кэявжшфг╔кэявжфюю	г╠_жфг╠мшшиомфх╞х╜х╟х╟хюх╔х╡хюх╜х╡х╨х╔х╗х╘х╤хг╠мшшиомф(╫╘╥)гг╥ьмкяитфг╤мыщмшэшфг╤мыщмшэфююхг╔кэявжшфг╔кэявжф	ююг╔кэявжф	ююг╔кэявжф	ююг╔кэявжф	ююг╔кэявжф	ю	юг╔кэявжфююг╠_жфгг╙тввзф//║╙║╙║╙║╙║╙║╙║╙║╙╗вжм║╙║╙║╙║╙║╙║╙║╙║╙гююююююююююгююююююююююгююююююююююгююююююююююгююююююююююгююююююююююгююююююююююгююююююююююгююююююююююгю
юююююююююгююююююююююгюююююг╜эмушфг╥пвьфг╥ьмкяитшфгг╥ьмкяитфг╢тикмфюг╔кэявжшфг╔кэявжфюююг╔кэявжфюююг╔кэявжфюююг╔кэявжфюююг╔кэявжфюююг╔кэявжфююю
	г╠_жфг╠мшшиомф╡въюяшюэпмюэяум.╫вщюъмзмюкпвшмж.╜нюАвщююююююг╠мшшиомфизмж'эюинзиялювню╗миэп,Авщюшпвщтлюовюэпзвщопг╠мшшиомфэпмюоиэмювню╦яумюижлю╥ьикм,ижлюквумюэвюум.г╠мшшиомф(Ёп!╩пиэ?╦пяшюяшюиюлвтт!)г╠мшшиомф(╫╘╥)гг╙тввз	ф//║╙║╙║╙║╙║╙║╙║╙║╙╗вжм║╙║╙║╙║╙║╙║╙║╙║╙гююююююююююгююююююююююгююююююююююгююююююююююгююююююююююгююююююююююгююююююююююгююююююююююгююююююююююгююююююююююгюююююююююю
гюююююг╜эмушфг╥пвьфг╥ьмкяитшфгг╥ьмкяитфг╢тикмфюг╖вшэфг╚мэшфг╠_жфг╠мшшиомф╜жюэпмюшэиомювнюэпяшюнтввз,янюАвщзючяэитюг╠мшшиомфьвъмзюяшю,вннмжшячмюьвъмзюяшю	,юююююг╠мшшиомфлмнмжшячмюьвъмзюяшю
	,АвщюпичмююАмттвъююг╠мшшиомфсмАш,ижлюиюйтщмюсмА,Авщюизмюитувшэюялмит.г╠мшшиомф(╫╘╥)г╠_жфгг╙тввз
ф	//║╙║╙║╙║╙║╙║╙║╙║╙╗вжм║╙║╙║╙║╙║╙║╙║╙║╙гююююююююююгююююююююююгююююююююююгююююююююююгююююююююююгююююююююююгююююююююююгююююююююююгююююююююююгююююююююююг
ююююююююююгюююююг╜эмушфг╥пвьфг╥ьмкяитшфгг╥ьмкяитфг╢тикмфю	г╖вшэфхг╚мэшфг╚мэфюхг╠_жфг╠мшшиомф╜юъяттюйщАюАвщзюсмАшюиэюю╚втлюиюьямкм.г╠мшшиомф╩яттюАвщюшмттюумюсмАш?г╠мшшиомф(╫╘╥/╡Ё)г╠_жфгг╙тввзф
//║╙║╙║╙║╙║╙║╙║╙║╙╗вжм║╙║╙║╙║╙║╙║╙║╙║╙гююююююююююгююююююююююгююююююююююгююююююююююгююююююююююгююююююююююгююююююююююгююююююююююгююююююююююгююююююююююгююююю
юююююгюююююг╜эмушфг╥пвьфг╥ьмкяитшфгг╥ьмкяитфг╢тикмфюг╔кэявжшфг╔кэявжф
юююг╔кэявжф
юююг╔кэявжфюююг╠_жфг╠мшшиомфЁп,╜юпичмюняжяшпмлюэпмюэщжжмт.╩пи?ю╜э'шюАвщюг╠мшшиомфиоияж.╫вщюкиумюиэюиюоввлюэяум.╜юпичмювьмжжмлг╠мшшиомфиюэщжжмт,ижлюАвщюуиАющшмюяэюнзммтА.г╠мшшиомф(╫╘╥)гг╙тввзф//║╙║╙║╙║╙║╙║╙║╙║╙╗вжм║╙║╙║╙║╙║╙║╙║╙║╙гююююююююююгююююююююююгююююююююююгююююююююююгююююююююююгююююююююююгююююююююююгююююююююююгююююююююююгююююююююююгююююююююююгюююююг╜эмушфг╥пвьфг╥ьмкяитшфгг╥ьмкяитфг╤мыщмшэшфг╤мыщмшэфююхг╔кэявжшфг╔кэявжфюю	г╔кэявжфюю	г╠_жфгг╥ьмкяитфг╤мыщмшэшфг╤мыщмшэфююг╤мыщмшэфююг╤мыщмшэфююг╤мыщмшэфююг╤мыщмшэфю	юг╤мыщмшэфю
юг╔кэявжшфг╔кэявжфюю
г╔кэявжфююг╔кэявжфююг╠_жфгг╙тввзф//║╙║╙║╙║╙║╙║╙║╙║╙╗вжм║╙║╙║╙║╙║╙║╙гююююююююю
югююююююююююгююююююююююгююююююююююгююююююююююгююююююююююгююююююююююгююю	юю
юююююгююююю
юююююгююююююююююгю
юююю
юююююгюююююг╜эмушфг╤мл╨яэфг╕тщм╨яэф	г╤мл╖зАшэитфг╕тщм╖зАшэитфг╥пвьфг╥ьмкяитшфгг╥ьмкяитфг╢тикмфюг╖вшэфг╚мэшфг╠_жфг╠мшшиомф╦пмювннмжшячмюьвъмзювнюэпмюшъвзлшуижюъпвююг╠мшшиомфщшмшюэъвюшъвзлшюяшюэввюпяоп.╛мюкижющшмюэъвг╠мшшиомфшъвзлшюиэюэпмюшиумюэяум.╫вщюъяттютвшмюущкпг╠мшшиомфшэзмжоэпюянюАвщюняопэюпяуюжвзуиттА.╫вщююююг╠мшшиомфшпвщтлюжмчмзюняопэюпяуюймнвзмюАвщзюиээиксшг╠мшшиозфизмюшэзвжомзюэпижюпяш.г╠мшшиомф(╫╘╥)г╠_жфгг╥ьмкяитфг╢тикмфюг╖вшэфг╚мэшфг╚мэфюг╚мэфюг╠_жфг╠мшшиомф╜юъяттюшмттюнвщзюсмАшюижлюиюйтщмюсмАюнвзюг╠мшшиомф╚втл!╩яттюАвщюйщАюэпму?г╠мшшиомф(╫╘╥/╡Ё)г╠_жфг╠мшшиомф╦пижсюАвщючмзАюущкп.г╠мшшиомф╦пяшюэвъмзюяшююшэвзямшюпяоп,йщэюяжюзмитяэАюяэг╠мшшиомфшммушюэпиэюАвщюкижжвэюовющьюэвюэпмюэпюнтввз.г╠мшшиомф(╫╘╥)гг╙тввзф//║╙║╙║╙║╙║╙║╙║╙║╙╗вжм║╙║╙║╙║╙║╙║╙║╙║╙г	юююююююююю
гююююююююююгююююююююююгююююююююююгююююююююююгююююююююююгююююююююююгююююююююююгю	юююююююююгююююююююююгююююююююююгюююююг╜эмушфг╤мл╨яэфг╕тщм╨яэф	г╤мл╖зАшэитфг╕тщм╖зАшэитфг╥пвьфг╨яэфгЁннф	г╗мнфг╥ьмкяитшфгг╥ьмкяитфг╤мыщмшэшфг╤мыщмшэфююхг╔кэявжшфг╔кэявжф
юю	г╠_жфг╠мшшиомф╫вщюизмюиюйзичмюуижюймиэяжоюэпмюйвшшмшювнююг╠мшшиомфэпмюнязшэюижлюшмквжлюизмиш,ижлюишкмжляжоюююг╠мшшиомфэпмюэвъмз.╕щэюэпмюоиумюяшювчмзюжвъ.╛мзмююююг╠мшшиомфижлю╡въ,╜юъяттюймиэюАвщюнвзюуАшмтн!╚ячмющь!г╠мшшиомф(╫╘╥)гг╥ьмкяитфг╤мыщмшэшфг╤мыщмшэф
юю	г╔кэявжшфг╔кэявжф
ююг╔кэявжфюю	г╠_жфг╠мшшиомф╫вщюэпяжсюАвщ'змюьзмээАюшэзвжо,пщп?╜нюАвщююг╠мшшиомфкижюуисмюяэюэвюэпмюэпюнтввз,╜юшпиттюняопэг╠мшшиомфъяэпюАвщюиоияж.╦пмзм,Авщюъяттюлям!г╠мшшиомф(╫╘╥)гг╥ьмкяитфг╤мыщмшэшфг╤мыщмшэфююг╤мыщмшэфююг╔кэявжшфг╔кэявжф
ююг╠_жфгг╙тввзф//║╙║╙║╙║╙║╙║╙║╙║╙╗вжм║╙║╙║╙║╙║╙║╙║╙║╙г
ююю
юююююююгюююю
ююююююгююююююююююгю
юююююююююгююююю
юююююгююююююююююгююююююююююгююююююююююгюю
ююююююююгююююююююююгююююююююююгюююююг╜эмушфг╤мл╨яэфг╕тщм╨яэф	г╤мл╖зАшэитфг╕тщм╖зАшэитфг╥пвьфг╥ьмкяитшфгг╥ьмкяитфг╤мыщмшэшфг╤мыщмшэфююхг╔кэявжшфг╔кэявжфюю	г╔кэявжф	юю	г╠_жфгг╥ьмкяитфг╤мыщмшэшфг╤мыщмшэфю
юг╤мыщмшэфююг╤мыщмшэфю
юг╤мыщмшэфююг╔кэявжшфг╔кэявжфююг╔кэявжф	ююг╠_жфгг╥ьмкяитфг╤мыщмшэшфг╤мыщмшэфю
юхг╤мыщмшэфю	юг╔кэявжшфг╔кэявжфю	юг╠_жфгг╥ьмкяитфг╢тикмфюг╖вшэфг╚мэшфг╠_жфг╠мшшиомф╛я!╜юпичмюиюшщоомшэявжюнвзюАвщ!г╠мшшиомф(╫╘╥)г╠_жфг╠мшшиомфюг╠мшшиомф╠взмюпишэм,тмшшюшьммл.г╠мшшиомф(╫╘╥)гг╙тввзф//║╙║╙║╙║╙║╙║╙║╙║╙╗вжм║╙║╙║╙║╙║╙║╙║╙║╙гюю
юююююююю	гюююююююююю
гююююююююююгююююююююююгююююююююююгююююююююююгююююююююююгюююююююююю
гююююююююююгюююююююююю
гююююю
юююююгюююююг╜эмушфг╤мл╨яэфг╕тщм╨яэф	г╤мл╖зАшэитфг╕тщм╖зАшэитфг╥пвьфг╥ьмкяитшфгг╥ьмкяитфг╤мыщмшэшф	г╤мыщмшэфююг╤мыщмшэфююг╤мыщмшэфю
юг╤мыщмшэфююг╤мыщмшэф	ююг╤мыщмшэф	ююг╤мыщмшэф	ю
юг╤мыщмшэ	ф	ююг╔кэявжшфг╔кэявжфююг╔кэявжфююг╔кэявжфююг╔кэявжфююг╔кэявжфююг╠_жфгг╙тввзфгюююююююююю
гююююююююююгююююю	юююююгююююююююююгюююю	ю
ю	ююююгюююю	ю	ю	ююююгюююю	ю	ю	ююююгююююююююююгююююююююююгююююююююююгююююююююююгюююююг╜эмушфг╤мл╨яэфг╕тщм╨яэф	г╤мл╖зАшэитфг╕тщм╖зАшэитфг╥пвьфг╥ьмкяитшфгг╥ьмкяитфг╤мыщмшэшфг╤мыщмшэфююхг╔кэявжшф
г╔кэявжфююг╔кэявжфююг╔кэявжфююг╔кэявжфююг╔кэявжфююг╔кэявжфююг╔кэявжфююг╔кэявж	фююг╔кэявж
фююг╠_жфгг╥ьмкяитфг╢тикмфюг╔кэявжшфг╔кэявжфюююг╠_жфг╠мшшиомф╦пмзмюАвщюизм.╜юпичмюрщшэюняжяшпмлюэпмюююююг╠мшшиомфэщжжмт.╔шюАвщюовюэпзвщопюяэ,Авщюъяттюомэюэвг╠мшшиомфэпмю╗зиовж.╔жлюэпмжюАвщюшпвщтлюовющь.ююююююг╠мшшиомф(╫╘╥)гг╙тввзф//║╙║╙║╙║╙║╙║╙║╙║╙╗вжм║╙║╙║╙║╙║╙║╙║╙║╙гюююююю
ююююгююююююююююгююююююююююгююююююююююгююююююююююгююююююююююгююююююююююгююююююююююгююююююююююгююююююююююгюююююю
юююю
гюююююг╜эмушфг╤мл╨яэфг╕тщм╨яэф	г╤мл╖зАшэитфг╕тщм╖зАшэитфг╥пвьфг╥ьмкяитшфгг╥ьмкяитфг╢тикмфюг╖вшэфг╚мэшфг╠_жфг╠мшшиомф╛я!╜юпичмюшвумюяжнвзуиэявжюнвзюАвщ!г╠мшшиомф(╫╘╥)г╠_жфг╠мшшиомфюг╠мшшиомф╫вщюуиАюймюийтмюэвюовющьшэиязшюъяэпвщэююююг╠мшшиомфняопэяжоюшэзвжоюмжмуямш,янюАвщюквщтлююююююг╠мшшиомфщшмюнвщзюэщжжмтшюшсяттнщттАюяжюэпяшюнтввз.г╠мшшиомф(╫╘╥)гг╙тввз	ф//║╙║╙║╙║╙║╙║╙║╙║╙╗вжм║╙║╙║╙║╙║╙║╙║╙║╙г
ююююююююююгююююююююююгююю
ю
юю
ю
юююгюю
ю
ююю
ю
ю
ююгююююююююююг
ююююююююююгюю	ююююююююгюююююю	ю	ю	ююгююююююююююгююююююююююгююююююююююгюююююг╜эмушфг╤мл╨яэфг╕тщм╨яэф	г╤мл╖зАшэитфг╕тщм╖зАшэитфг╥пвьфг╥ьмкяитшфгг╥ьмкяитфг╢тикмфюг╖вшэфг╚мэшфг╠_жфг╠мшшиомф╛я!╜юпичмюиюшщоомшэявжюнвзюАвщ!г╠мшшиомф(╫╘╥)г╠_жфг╠мшшиомфюг╠мшшиомф╫вщюжммлюэпмюуиээвксюяжювзлмзюэвюомэюэпмг╠мшшиомфэзмишщзмюъпякпюяшюяжюэпмюяэмуюъизмпвщшмюг╠мшшиомфвжюэпяшюнтввз.г╠мшшиомф(╫╘╥)гг╙тввз
ф	//║╙║╙║╙║╙║╙║╙║╙║╙╗вжм║╙║╙║╙║╙║╙║╙║╙║╙гюююююююююю
гююююююююююгююююююююююгююююююююююгююююююююююгююююююююююгююююююююююгюююю	ю
юююююгююююююююююгююююююююююгююююююююююгюююююг╜эмушфг╤мл╨яэфг╕тщм╨яэф	г╤мл╖зАшэитфг╕тщм╖зАшэитфг╥пвьфг╥ьмкяитшфгг╥ьмкяитфг╤мыщмшэшфг╤мыщмшэфююг╤мыщмшэфююг╤мыщмшэф
ююг╔кэявжшфг╔кэявжф
ююг╠_жфгг╥ьмкяитфг╤мыщмшэшфг╤мыщмшэфююхг╔кэявжшфг╔кэявжфююг╠_жфгг╥ьмкяитфг╢тикмфюг╖вшэфг╚мэшфг╚мэфюг╠_жфг╠мшшиомф╜юъяттюшмттюэпзммюсмАшюиэюшьмкяитюьзякмг╠мшшиомф(юовтл).╙язшэюквум,нязшэюшмзчмл.ююююг╠мшшиомф(╫╘╥/╡Ё)г╠_жфг╠мшшоимф╦пижсюАвщючмзАюущкп.г╠мшшиомф╦пмзмюяшюжмчмзюиюоиэмюъяэпвщэюию╚иэмх╞ммьмз.г╠мшшиомф╖вжчмзшмтА,эпмзмюизмюитъиАшюмжмуямшюъпвюсммьг╠мшшиомфэпмюоиэмювжюнтввзшюэпиэюпичмюоиэмш.г╠мшшиомф(╫╘╥)гг╙тввзф
//║╙║╙║╙║╙║╙║╙║╙║╙╗вжм║╙║╙║╙║╙║╙║╙║╙║╙гююююююююююгююююююююююгююююююююююгююююююююююгююююююююююгююююююююююгююююююююююгююююююююююгююююю	юююююгююююююююююгюююююююю
юю
гюююююг╜эмушфг╤мл╨яэфг╕тщм╨яэф	г╤мл╖зАшэитфг╕тщм╖зАшэитфг╥пвьфг╥ьмкяитшфгг╥ьмкяитфг╤мыщмшэшф
г╤мыщмшэфююг╤мыщмшэфююг╤мыщмшэфююг╤мыщмшэфююг╤мыщмшэфююг╤мыщмшэфююг╤мыщмшэфююг╤мыщмшэ	фююг╤мыщмшэ
фююг╔кэявжшфг╔кэявжфююг╠_жфгг╥ьмкяитфг╢тикмфю
г╖вшэфг╚мэшфг╚мэфюг╠_жфг╠мшшиомфю╚втлшюнвзюэпзммюйтщмюсмАш.╗мит?г╠мшшиомф(╫╘╥/╡Ё)г╠_жфг╠мшшиомф╦пижсюАвщючмзАюущкп.г╠мшшиомф╦пмзмюяшюию╟щксАю╚втлюшвумъпмзмюяжюэпяшг╠мшшиомфэвъмз.╜нюАвщюпичмюяэ,Авщюкижюомэюэъякмюг╠мшшиомфишюущкпюувжмАюъпмжюАвщюймиэюижюмжмуА.ююг╠мшшиомф(╫╘╥)гг╥ьмкяитфг╢тикмфюг╖вшэфг╚мэшфг╠_жфг╠мшшиомф╔эюэпзммюв'ктвкс,эпмюшмкзмэюэзмишщзмюэпиэг╠мшшиомфтмэшювжмюэзичмтюяжюшьикмюъяттюиььмиз.ююююг╠мшшиомф(╫╘╥)г╠_жфгг╙тввзф//║╙║╙║╙║╙║╙║╙║╙║╙╗вжм║╙║╙║╙║╙║╙║╙║╙║╙гююююююююююгююююю	юююююгююююююююююгююююююююююгююююююююююгююююююююююгююююююююююгююююююююююг	юююююююю
ююгююююююююююгююююююююююгюююююг╜эмушфг╤мл╨яэфг╕тщм╨яэф	г╤мл╖зАшэитфг╕тщм╖зАшэитфг╥пвьфг╥ьмкяитшфгг╥ьмкяитфг╤мыщмшэшфг╤мыщмшэфююхг╔кэявжшфг╔кэявжф	юю	г╔кэявжфююг╔кэявжфююг╔кэявжфююг╔кэявжфююг╔кэявжфююг╔кэявжфююг╠_жфг╠мшшиомф╜юъвжлмзюпвъюАвщюъмзмюийтмюэвюквумюшвюниз.╜г╠мшшиомфъяттюуисмюшщзмюАвщюовюжвюнщзэпмз.╜юъяттююююг╠мшшиомфпщуятяиэмюАвщююэяумшюишюущкпюишюАвщ'чмюююг╠мшшиомфляшозикмлюэпяшюэвъмз.╚пвшэю╥втлямзш,кпизом!г╠мшшиомф(╫╘╥)гг╥ьмкяитфг╤мыщмшэшфг╤мыщмшэф	юю	г╤мыщмшэфююг╔кэявжшфг╔кэявжфююг╔кэявжфю	юг╔кэявжфю
юг╔кэявжфююг╔кэявжфююг╔кэявжфююг╠_жфг╠мшшиомф╛щуьп,эпиэюъишюжвэпяжо!╥втлямзш,кпизом!г╠мшшиомф(╫╘╥)гг╥ьмкяитфг╤мыщмшэшфг╤мыщмшэф	юю	г╤мыщмшэфю
юг╔кэявжшфг╔кэявжфююг╔кэявжфююг╔кэявжфююг╔кэявжфююг╔кэявжфююг╔кэявжфююг╠_жфг╠мшшиомф╩мюизмювжтАюймояжжяжо.╟мэ'шюняопэюнзвуюжвъг╠мшшиомфвж.╥ъвзлшумж,кпизом!ююююююююююююююююююююююг╠мшшиомф(╫╘╥)гг╥ьмкяитфг╤мыщмшэшфг╤мыщмшэф	юю	г╤мыщмшэфююг╔кэявжшфг╔кэявжфю	юг╔кэявжфю
юг╔кэявжфююг╔кэявжфююг╔кэявжфююг╔кэявжфююг╠_жфг╠мшшиомф╛мкс!╛въюийвщэюэпяшюиээикс?╞жяопэш,кпизом!г╠мшшиомф(╫╘╥)гг╥ьмкяитфг╤мыщмшэшфг╤мыщмшэф	юю	г╤мыщмшэфююг╔кэявжшфг╔кэявжфююг╔кэявжфююг╔кэявжфюю	г╠_жфг╠мшшиомф╛въюлизмюАвщюлмнмиэюуАюнвттвъмзш?╡мчмзг╠мшшиомфшпиттю╜юнвзоячмюАвщ!╡въю╜юъвж'эющшмюююг╠мшшиомфляшкзмэявж.╚ячмющь!юююююююююююююююююююг╠мшшиомф(╫╘╥)гг╥ьмкяитфг╤мыщмшэшфг╤мыщмшэфююг╤мыщмшэфююг╔кэявжшфг╔кэявжфюю
г╔кэявжфююг╔кэявжфююг╔кэявжфююг╔кэявжфю	ю	г╔кэявжфю
ю	г╔кэявжфюю	г╔кэявж	фююг╔кэявж
фююг╔кэявжфююг╔кэявжфююг╔кэявжфю	юг╔кэявжфю
юг╔кэявжф	ююг╠_жфг╠мшшиомф╜юъяттющжъяттяжотАюнвзоячмюАвщюэпяшюэяум.╕щэююг╠мшшиомфъмюшпиттюыщиззмтюшмзявщштАюъпмжюъмюуммэюиоияж.г╠мшшиомф╫вщюпилюймээмзюоячмющь!юююююююююююююююююююююююг╠мшшиомф(╫╘╥)гг╙тввзф//║╙║╙║╙║╙║╙║╙║╙║╙╗вжм║╙║╙║╙║╙║╙║╙║╙║╙г
юююююююююю
гю		юююююююююгююююююююююгюююю	
юю	
ююююгюю
юююююю
ююг
юююююююююю
гю
юю
юююю
юю
югююююююююююгюю
юююююю
ююгююююююююююгююююю
юю	юююгюююююг╜эмушфг╤мл╨яэфг╕тщм╨яэфг╤мл╖зАшэитфг╕тщм╖зАшэитфг╥пвьфг╥ьмкяитшфгг╥ьмкяитфг╤мыщмшэшфг╤мыщмшэфююг╤мыщмшэфююг╔кэявжшфг╔кэявжфюю		г╠_жфгг╥ьмкяитфг╤мыщмшэшфг╤мыщмшэфююхг╔кэявжшфг╔кэявжфююг╔кэявжфююг╔кэявжфююг╔кэявжфююг╔кэявжфююг╔кэявжфююг╠_жфгг╥ьмкяитфгсяжлфг╢тикмфюг╗иуиомфг╠вчмфгг╥ьмкяитфгсяжлфг╢тикмфюг╗иуиомфг╠вчмфгг╥ьмкяитфгсяжлфг╢тикмфюг╗иуиомфг╠вчмфгг╥ьмкяитфгсяжлфг╢тикмфю
г╗иуиомфг╠вчмфгг╥ьмкяитфгсяжлфг╢тикмфюг╢тикмфюг╗иуиомфюг╠вчмфгг╥ьмкяитф//║╙║╙║╙║╙║╙║╙║╙║╙╗вжм║╙║╙║╙║╙║╙║╙║╙║╙г
ююююююююююгюю
ююююююююгююююююююююгююююю
ююю
юю		гюю
ююююююююгюююююююююю
гююююююююююгюю
ююю	ююю	
юю	
гююююююююююг
ююююююююююгюю	ююююююююгюююююг╜эмушфг╤мл╨яэфг╕тщм╨яэфг╤мл╖зАшэитфг╕тщм╖зАшэитфг╥пвьфг╥ьмкяитшф
гг╥ьмкяитфг╢тикмфюг╖вшэфг╚мэшфг╠_жфг╠мшшиомф╛я!╜юпичмюшвумюяжнвзуиэявжюнвзюАвщ!г╠мшшиомф(╫╘╥)г╠_жф
г╠мшшиомфюг╠мшшиомф╔ю╠иоякяижюъяттюиээиксющшяжоюуиоякюъпмжюпмг╠мшшиомфяшюжмЮэюэвюАвщ.╦пмю╠иоякю╥мзомижэюъяттююююг╠мшшиомфиээиксюижлюлячялмюэпмючяэитюьвъмзюяжюпитнюг╠мшшиомфъпмжюпмюяшюкищопэюймэъммжюэъв.╔шюнвзюижюююг╠мшшиомфиээиксювжюйвэпюшялмшюнзвуюэпмю╠иоякюююююююг╠мшшиомф╥мзомижэ,эпмюшэзвжомзюАвщюизм,эпмюувзмююююг╠мшшиом	флиуиомюАвщюэисм.╥в,ьтмишмюймюкизмнщт.юююююг╠мшшиом
ф(╫╘╥)гг╥ьмкяитфгсяжлфг╢тикмфю
г╗иуиомфг╠вчмфгг╥ьмкяитфгсяжлфг╢тикмфюг╗иуиомфг╠вчмфгг╥ьмкяитфгсяжлфг╢тикмфюг╗иуиомфг╠вчмфгг╥ьмкяитфгсяжлфг╢тикмф	ю
г╢тикмф	юг╗иуиомфюг╠вчмфгг╥ьмкяитфг╤мыщмшэшфг╤мыщмшэфююхг╤мыщмшэф	юю	г╔кэявжшфг╔кэявжфююг╠_жфг╠мшшиомф╦пмю╚втлмжю╞жяопэюшиАшю"Ёп!ю╥язю╬мжв.╜юъишг╠мшшиомфжвэюийтмюэвюкиэкпюэпмюйзичмюуиж.╢тмишмююююг╠мшшиомфнвзоячмюум."г╠мшшиомф(╫╘╥)гг╥ьмкяитфг╤мыщмшэшфг╤мыщмшэф	юю	г╤мыщмшэфююг╔кэявжшфг╔кэявжфюю	
г╔кэявжф	юю	
г╔кэявжф	юю	
г╔кэявжф
юю	
г╠_жфг╠мшшиомф╦пмю╠иоякю╥мзомижэ,╬мжвюзмьтямшю"╫вщюъмзмж'э?юг╠мшшиомф╜юлизмюАвщюэвюшиАюэпиэюиоияж.╫вщюквумюююююююююг╠мшшиомфзщжжяжоющьюпмзмютясмюиюквъизлюижлюэмттюумюАвщюг╠мшшиомфквщтлж'эюлвюАвщзюрвй.╩пиэюшпиум!╦пяшюэвъмзююююг╠мшшиомфпишюжвюжммлюнвзюэпмютясмшювнюАвщ!╫вщ'чмюниятмлг╠мшшиомфумюнвзюэпмютишэюэяум.╫вщюшпиттюжвъюлям."ююююююг╠мшшиомф(╫╘╥)гг╥ьмкяит	фг╤мыщмшэшфг╤мыщмшэф
юю	
г╔кэявжшфг╔кэявжф	ююг╔кэявжфююг╔кэявжф	ююг╔кэявжф	ююг╔кэявжф
ююг╠_жфг╠мшшиомф╦пмю╚втлмжю╞яжопэюшиАшю"Ёпю╚вл,ьтмишмг╠мшшиомфнвзоячмюум!ю╔п!"г╠мшшиомф(╫╘╥)гг╥ьмкият
фг╤мыщмшэшфг╤мыщмшэф	ююг╤мыщмшэфююг╔кэявжшфг╔кэявжфююг╠_жфг╠мшшиомф╦пмю╠иоякю╥мзомижэ,╬мжвюшиАшю"╜юймпичмлг╠мшшиомфщжймквуяжотА.╕щэюлвж'эюъвззА.╜юыщяэмюююг╠мшшиомфляннмзмжэюнзвуюшщкпюиюнмттвъ.╜нюАвщююююг╠мшшиомфшпвщтлюквумющьюэвюум,╜юъвщтлюняопэюъяэпг╠мшшиомфАвщюлязмкэтА.╜'уюъияэяжоюнвзюАвщ."юююююг╠мшшиомф(╫╘╥)гг╙тввзф//║╙║╙║╙║╙║╙║╙║╙║╙╗вжм║╙║╙║╙║╙║╙║╙║╙║╙гюююю
юююю	
ююгююююююююююгююююю
юююююгююю		ююю
ююююгю
юююююююююгююююююююююгюююю
юююю
юю
гююююююююююгю
юююю
юююююгююююююююю
юг
ююююююююююгюююююг╜эмушфг╤мл╨яэфг╕тщм╨яэфг╤мл╖зАшэитфг╕тщм╖зАшэитфг╥пвьфг╥ьмкяитшфгг╥ьмкяитфгсяжлфг╢тикмфюг╗иуиомфг╠вчмфгг╥ьмкяитфгсяжлфг╢тикмфю
г╗иуиомфг╠вчмфгг╥ьмкяитфг╤мыщмшэшфг╤мыщмшэфю	юхг╤мыщмшэфю
ю	
г╔кэявжшфг╔кэявжфююг╔кэявжфю
юг╔кэявжфююг╔кэявжфюю	
г╠_жфгг╙тввзф//║╙║╙║╙║╙║╙║╙║╙║╙╗вжм║╙║╙║╙║╙║╙║╙║╙║╙г
ююююююююююгююююююююююгююююююююююгююююююююююгююююю
юююююгюююю
ю	ю
ююююгююююю
юююююгююююю	юююююгюююю
юю
ююююгююююююююююгююююююююююгюююююг╜эмушфг╤мл╨яэфг╕тщм╨яэфг╤мл╖зАшэитфг╕тщм╖зАшэитфг╥пвьфг╥ьмкяитшфгг╥ьмкяитфг╤мыщмшэшфг╤мыщмшэф
ююг╤мыщмшэф
ююг╔кэявжшфг╔кэявжф	ююг╠_жфгг╙тввзф//║╙║╙║╙║╙║╙║╙║╙║╙╗вжм║╙║╙║╙║╙║╙║╙║╙║╙гюююююююююю
гююююююююююгюююю
юю		ююююгюю
юююююююю
г	ю	ююю		юю
ююююгюю
ююююююююгюююююю
ююююгююююююююю		югюююю
ююю	
юююгююю	ююю	ююююгюююю
ююю	
юююгюююююг╜эмушфг╤мл╨яэфг╕тщм╨яэфг╤мл╖зАшэитфг╕тщм╖зАшэитфг╥пвьфг╥ьмкяитшфгг╥ьмкяитфгсяжлфг╢тикмфюг╗иуиомфг╠вчмфгг╥ьмкяитфгсяжлфг╢тикмфюг╗иуиомфг╠вчмфгг╥ьмкяитфгсяжлфг╢тикмфюг╗иуиомфг╠вчмфгг╥ьмкяитфгсяжлфг╢тикмфюг╗иуиомфг╠вчмфгг╥ьмкяитфгсяжлфг╢тикмф	юг╗иуиомфг╠вчмфгг╥ьмкяитфгсяжлфг╢тикмф
ю	г╢тикмфю	гсфюг╠вчмфгг╥ьмкяитфг╤мыщмшэшфг╤мыщмшэф
ю	юг╤мыщмшэфю	юг╔кэявжшфг╔кэявжфююг╠_жфгг╥ьмкяит	фг╤мыщмшэшфг╤мыщмшэф
ююг╤мыщмшэфююг╔кэявжшфг╔кэявжфююг╠_жфгг╥ьмкяит
фг╢тикмфю
г╖вшэфг╚мэшфг╚мэфю	г╠_жфг╠мшшиомф╜юъяттюяжкзмишмюАвщзютянмююьвяжэшюиэюю╚втл.г╠мшшиомф(╫╘╥/╡Ё)г╠_жфг╠мшшиомф╦пижсюАвщючмзАюущкп!г╠мшшиомф╦пмюшикзмлюшпямтлюкижюлмнмжлюАвщюиоияжшэг╠мшшиомфуиоякюиээиксш.╕щэю╜юпмизлюэпяшюшпямтлюяшг╠мшшиомфпяллмжювжюиюнтввзюэпиэюлвмшж'эюмЮяшэ.юююг╠мшшиомф(╫╘╥)гг╥ьмкяитфг╢тикмфю
г╖вшэфг╚мэшфг╠_жфг╠мшшиомф╦пмюэпюнтввзюяжюэпяшюэвъмзюяшюижюяттщшявж.╜эюг╠мшшиомфшммушюэпиэюъмюкижжвэюовюэвюэпмзмюмчмжюянюъмююююг╠мшшиомфщшмюэпмюшэиязш.╜юэпяжсюэпиэюяэюяшюяуьвшшяйтмюэвг╠мшшиомфомэюэпмзмюъяэпвщэюэмтмьвзэяжо.юююююююююююююююююг╠мшшиомф(╫╘╥)г╠_жфгг╙тввзф//║╙║╙║╙║╙║╙║╙║╙║╙╗вжм║╙║╙║╙║╙║╙║╙║╙║╙гю		юююююююююг
ююююююююююгююююююююююгю
ююююююю
ююгююююююююююгюююююю
ююю
югююююююю		юююгююхюю
ююююююгююю
юююююю
югююююююююююгю	ююююююююю
гюююююг╜эмушфг╤мл╨яэфг╕тщм╨яэфг╤мл╖зАшэитфг╕тщм╖зАшэитфг╥пвьфг╨яэфгЁннфг╗мнфг╥ьмкяитшфгг╥ьмкяитфгсяжлфг╢тикмфюг╗иуиомфг╠вчмфгг╥ьмкяитфгсяжлфг╢тикмфюг╗иуиомфг╠вчмфгг╥ьмкяитфгсяжлфг╢тикмфю	г╗иуиомфг╠вчмфгг╥ьмкяитфгсяжлфг╢тикмф
юг╗иуиомфг╠вчмфгг╥ьмкяитфгсяжлфг╢тикмф
юг╗иуиомфг╠вчмфгг╥ьмкяитфг╢тикмф
ю	г╖вшэфг╚мэшфг╠_жфг╠мшшиомф╦пмюшэюнтввзюяшюьмзнмкэтАюшАуумэзякит,ижлюэпмзмнвзм...г╠мшшиомф(╫╘╥)г╠_жфгг╙тввз	ф//║╙║╙║╙║╙║╙║╙║╙║╙╗вжм║╙║╙║╙║╙║╙║╙║╙║╙г
ююююююююююгююююююю		ююю	гюююююююю
ююгюююю		ююююююгюю
ююю
ююю
ююгюююююююююю
гююююююююююгююююю	юююююг		ююююююю
юююгююю
юююююююгюююю
ююююююгюююююг╜эмушфг╤мл╨яэфг╕тщм╨яэфг╤мл╖зАшэитфг╕тщм╖зАшэитфг╥пвьфг╥ьмкяитшфгг╥ьмкяитфг╢тикмфюг╖вшэфг╚мэшфг╚мэфюг╠_жфг╠мшшиомф╩вщтлюАвщютясмюэвюйщАюиюшщьмзюуиээвксг╠мшшиомф(яэ'шючмзАюзизм)юнвзюю╚втл?ююююююг╠мшшиомф(╫╘╥/╡Ё)г╠_жфг╠мшшиомф╦пижсюАвщючмзАюущкп!г╠мшшиомф╜нюАвщюъижэюэвюймиэюэпмю╗зиовж,Авщюущшэюпичмг╠мшшиомфиюпвтАюшъвзл,июпвтАюшпямтл,ижлюию╗зиовжюююююг╠мшшиомф╥тиАмз,ижлюитшвюАвщюущшэюймюпяопютмчмт.юююююг╠мшшиомф(╫╘╥)гг╥ьмкяитфгсяжлфг╢тикмфю	г╗иуиомфг╠вчмфглЮфхглАфгг╥ьмкяитфгсяжлфг╢тикмфюг╗иуиомфг╠вчмфглЮфглАфгг╥ьмкяитфгсяжлфг╢тикмфюг╗иуиомфг╠вчмфгг╥ьмкяитфгсяжлфг╢тикмфю
г╗иуиомфг╠вчмфгг╥ьмкяитфгсяжлфг╢тикмф
юг╗иуиомфг╠вчмфглЮфглАфгг╥ьмкяитфгсяжлфг╢тикмфюг╗иуиомфг╠вчмфгг╙тввз
ф	//║╙║╙║╙║╙║╙║╙║╙║╙╗вжм║╙║╙║╙║╙║╙║╙║╙║╙гюююююю
ю
ю
ююгююююююююююгю		ююююю	
юю	
ююгююююююююююгюю
юююю	
юю	
юю
гююююююююююг
ююю
юююююю
югюююю
ююю	юююг
ююююююююююгююю
юююююююг
юю	ююююююююгюююююг╜эмушфг╤мл╨яэфг╕тщм╨яэфг╤мл╖зАшэитфг╕тщм╖зАшэитфг╥пвьфг╥ьмкяитшф
гг╥ьмкяитфг╤мыщмшэшфг╤мыщмшэфююг╔кэявжшфг╔кэявжфюю	
г╠_жфгг╥ьмкяитфг╤мыщмшэшфг╤мыщмшэфююхг╔кэявжшфг╔кэявжф	ю	юг╠_жфгг╥ьмкяитфгсяжлфг╢тикмфюг╗иуиомфг╠вчмфгг╥ьмкяитфгсяжлфг╢тикмфюг╢тикмфюгсфюг╠вчмфгг╥ьмкяитфгсяжлфг╢тикмфю
г╢тикмфю
гсфюг╠вчмфгг╥ьмкяитфгсяжлфг╢тикмфюг╗иуиомфг╠вчмфгг╥ьмкяитфгсяжлфг╢тикмфюг╗иуиомфг╠вчмфгг╥ьмкяит	фгсяжлфг╢тикмф
юг╗иуиомфг╠вчмфгг╥ьмкяит
фг╢тикмфюг╖вшэфг╚мэшфг╠_жфг╠мшшиомф╛я!╜юпичмюшвумюяжнвзуиэявжюнвзюАвщ!г╠мшшиомф(╫╘╥)г╠_жфг╠мшшиомфюг╠мшшиомф╜эюяшюшиялюэпиэюэпмюшАуйвтювнюювжюиюьиязювнг╠мшшиомфлякмюпишюэпмюнвзкмювнюшмитяжоюуиояк.╫вщюпилюг╠мшшиомфймээмзюумувзяБмюяэюэяттюАвщюняопэюэпмюйвшшююг╠мшшиомфвнюэпяшюизми.юююююююююююююююююююююююююююююююг╠мшшиомф(╫╘╥)гг╙тввзф
//║╙║╙║╙║╙║╙║╙║╙║╙╗вжм║╙║╙║╙║╙║╙║╙║╙║╙гююююююююююгююююююююююгююююююююююгююююююююююгююююююююююгююююююююююгююююю	юююююгюююю
юю
ююююгююююю	юююююгюююю		юю		ююююгююююююююююгюююююг╜эмушфг╤мл╨яэфг╕тщм╨яэфг╤мл╖зАшэитфг╕тщм╖зАшэитфг╥пвьфг╥ьмкяитшфгг╥ьмкяитфг╤мыщмшэшфг╤мыщмшэфююг╤мыщмшэфююг╔кэявжшфг╔кэявжф
ююг╠_жфгг╥ьмкяитфг╤мыщмшэшфг╤мыщмшэф	ююг╤мыщмшэф	ююг╔кэявжшфг╔кэявжфююг╠_жфгг╥ьмкяитфг╤мыщмшэшфг╤мыщмшэфююхг╔кэявжшфг╔кэявжфюю
г╔кэявжфюю	г╠_жфгг╥ьмкяитфг╤мыщмшэшфг╤мыщмшэфюю
г╔кэявжшф	г╔кэявжфюю	
г╔кэявжфюю	
г╔кэявжфюю	
г╔кэявжфюю	
г╔кэявжфюю	
г╔кэявжфюю	
г╔кэявжфюю	
г╔кэявж	фюю	
г╠_жфг╠мшшиомф╦пмю╠иоякю╥мзомижэ,╬мжвю"╜э'шюиуиБяжоюэпиэююг╠мшшиомфАвщюнвщжлюАвщзюъиАюпмзмюиэютишэ.╜юквуьтяумжэг╠мшшиомфАвщ.╡въ,ишюьзвуяшмл,╜'ттюняопэюъяэпюАвщ,уижюг╠мшшиомфэвюуиж!"г╠мшшиомф(╫╘╥)гг╥ьмкяитфг╤мыщмшэшф	г╤мыщмшэфюю	
г╤мыщмшэфююг╤мыщмшэфюю	
г╤мыщмшэфююг╤мыщмшэфююг╤мыщмшэфюю	
г╤мыщмшэфююг╤мыщмшэ	фюю	
г╔кэявжшфг╔кэявжфюю
г╔кэявжфююг╠_жфг╠мшшиомф╦пмю╠иоякю╥мзомижэ,╬мжвю"╔тиш..."г╠мшшиомф(╫╘╥)гг╥ьмкяитфг╤мыщмшэшфг╤мыщмшэфююг╤мыщмшэфююг╔кэявжшфг╔кэявжфююг╔кэявжфююхг╔кэявжфююг╔кэявжфююг╔кэявжфююг╔кэявжфююг╔кэявжфююг╔кэявж	фю	ю	г╔кэявж
фю
ю	г╔кэявжфюю	г╔кэявжфююг╔кэявжфююг╔кэявжфююг╔кэявжфююг╠_жфгг╙тввзф//║╙║╙║╙║╙║╙║╙║╙║╙╗вжм║╙║╙║╙║╙║╙║╙║╙║╙гююююююююююгююююююююююгююююююююююгююююююююююгююююююююююгююююююююююгююююююююююгююююююююююгююююююююююгююююююююююгююююююююююгюююююг╜эмушфг╤мл╨яэфг╕тщм╨яэфг╤мл╖зАшэитфг╕тщм╖зАшэитфг╥пвьфг╥ьмкяитшф
гг╥ьмкяитфг╤мыщмшэшфг╤мыщмшэфююхг╔кэявжшфг╔кэявжфююг╠_жфгг╥ьмкяитфг╤мыщмшэшфг╤мыщмшэфююг╔кэявжшфг╔кэявжфюю
г╠_жфг╠мшшиомф╦пмюйзичмюуижюшиАшю"╩пв?╜э'шюАвщ!╩пАюизмг╠мшшиомфАвщюяжюшщкпюиюьтикм?"юююююююююююююююююююг╠мшшиомф╦пмюэпямнюзмьтямлю"╛щуьп.╦пмзмюяшювжтАююг╠мшшиомфвжмюзмишвжюъпАю╜'уюпмзм.╔жлюэпяшюяшюяэ!"г╠мшшиомф(╫╘╥)гг╥ьмкяитфг╤мыщмшэшфг╤мыщмшэфюю
г╔кэявжшфг╠_жфг╠мшшиомф╦пмюйзичмюуижюшиАшю"╛щп?╛мА!Авщ'змю╬мжв!юююг╠мшшиомф╔змюАвщюшэяттюитячм?"ююююююююююююююююююююююг╠мшшиомф╦пмю╠иоякю╥мзомижэ,╬мжвюшиАшю"╜юъяттюююююююг╠мшшиомфжмчмзюлям.╜юумзмтАюэмшэмлюАвщзюяжэмттяомжкмг╠мшшиомфишюиюшвтлямз."юююююююююююююююююююююююююююююг╠мшшиомф(╫╘╥)гг╥ьмкяитфг╤мыщмшэшфг╤мыщмшэфюю
г╔кэявжшфг╠_жфг╠мшшиомф╦пмюйзичмхуижюшиАшю"╛щп?╩пиэюлвюАвщюумиж?юг╠мшшиомф╩пАюлялюАвщюлвюшщкпюиюэпяжо?"╦пмю╠иоякююююг╠мшшиомф╥мзомижэ,╬мжв:"╦пмю╥икзмлю╥ъвзлю'╩миьвжмз'г╠мшшиомфъпякпюАвщюпичмюижлю╦пмюЁужяшкямжэю╥эиннюююг╠мшшиомф'╜жэмттявж'юъпякпю╜юпичм,╟момжлюшиАшюэпиэюг╠мшшиомфъпвмчмзющжяэмшюэпмюэъвюъяттюзмкмячмюозмиэюг╠мшшиомфъяшлву.╕щэюэвюэпяшюмжл,яэюущшэюймюишшщзмлюг╠мшшиом	фэпиэюэпмюшвтлямзюъпвюлвмшюшвюкижюпижлтмюююг╠мшшиом
фэпмюьвъмзювнюэпиэюшъвзл."юююююююююююююююююг╠мшшиомф(╫╘╥)гг╥ьмкяитфг╤мыщмшэшфг╤мыщмшэфюю
г╔кэявжшфг╠_жфг╠мшшиомф╦пмюйзичмюуижюшиАшю"╔змюАвщюшиАяжо...╔ую╜г╠мшшиомфэпяшюшвтлямз?"юююююююююююююююююююююююююююг╠мшшиомф(╫╘╥)гг╥ьмкяитфг╤мыщмшэшфг╤мыщмшэфюю
г╔кэявжшфг╠_жф
г╠мшшиомф╦пмю╠иоякю╥мзомижэ,╬мжв:"╫мш,Авщюизмюквззмкэ.г╠мшшиомф╕щэюъпмжюАвщюкиумюпмзм,АвщзюийятяэАюъишж'эюююг╠мшшиомфшщннякямжэюэвюуишэмзюэпмюшикзмлюшъвзлююююююююг╠мшшиомф'╩миьвжмз'.╙взюэпиэюзмишвж,╜юоичмюнитшмююююююг╠мшшиомфяжнвзуиэявж,шмэючизявщшюэзиьшюяжюэпяшюэвъмз,юг╠мшшиомфижлюъияэмлюнвзюАвщюэвюквум.╫вщюкиумюэвюпмзмююг╠мшшиомфуишэмзюэпмюьвъмзюмжвщопюэвющшяжоюэпмюшикзмлююг╠мшшиом	фшъвзлюишюиззижомлюймнвзмпижл."юююююююююююююююг╠мшшиом
ф(╫╘╥)гг╥ьмкяитфг╤мыщмшэшфг╤мыщмшэфюю
г╔кэявжшфг╠_жфг╠мшшиомф╦пмюйзичмхуижюзмьтямшю"╩мтт,эпяшюумижшюэпиэг╠мшшиомфэпмюзщувщзюэпиэюиюьзяжкмшшюъишюэзиььмлюпмзмг╠мшшиомф...юъишюикэщиттАюиютямюяжювзлмзюэвюомэюумююг╠мшшиомфпмзм,ъишж'эюяэ?"юююююююююююююююююююююююююююг╠мшшиомф(╫╘╥)гг╥ьмкяит	фг╤мыщмшэшфг╤мыщмшэфюю
г╔кэявжшфг╔кэявжфююг╔кэявжфююг╠_жфг╠мшшиомф╦пмю╠иоякю╥мзомижэ,╬мжвюшиАшю"╫мш,эпиэ'шюзяопэ.г╠мшшиомф╔жлюжвъ,янюъмюкижюъвзсюэвомэпмз,эпяшюнизкмюююююг╠мшшиомфъяттюмжл.╡въюяшюэпмюэяумюэвюикэ.╧шяжоююююююююююг╠мшшиомфвужяшкямжэюьвъмз,ъмюшпиттюйзмисюэпмюшикзмлюююююг╠мшшиомфшъвзлюижлюзмкмячмюозмиэюмжтяопэмжумжэ.╥втлямзююг╠мшшиомфвнюэпмю╥икзмлю╥ъвзл!╟мэ'шюняжяшпюэпяш!"ююююююююг╠мшшиомф(╫╘╥)гг╥ьмкяит
фг╢тикмфюг╤мыщмшэшфг╤мыщмшэфююхг╤мыщмшэфююг╠_жфг╠мшшиомф╖вжшялмзяжоюАвщзюийятяэямшюижлюжщуймзювнюсмАш,г╠мшшиомф╫вщзюшквзмюяшюг╠мшшиомф╖вжозиэщтиэявжш!╫вщюпичмюьишшмлюэпяшюзвщжл.юююг╠мшшиомфктяксювжюэпмю╫╘╥юйщээвжюэвюквжэяжщм.ююююююююююг